AREA .  .ABS.
	RADIX HEX
	BASE 0000
	SIZE 0000
	ATTRIB ABS OVR
	GLOBALS
		l__HEAP	0000
		l__BSEG	0000
		l_.  .ABS.	0000
		l__GSFINAL	0000
		l__ISEG	0000
		s_.  .ABS.	0000
		l__HOME	0000
		s__HEADER	0000
		l__XSEG	0000
		.init	0000
		l__OVERLAY	0000
		s__SFR	0000
		l__GSINITTAIL	0001
		l__DATA	0050
		l__BSS	00C8
		l__GSINIT	00D3
		l__HEADER	01EF
		s__CODE	0200
		l__LIT	0B5A
		l__CODE	5C9F
		s__HOME	5E9F
		s__LIT	5E9F
		s__GSINIT	69F9
		s__GSINITTAIL	6ACC
		s__GSFINAL	6ACD
		.OAM	C000
		s__DATA	C0A0
		s__BSS	C0F0
		s__HEAP	C1B8
		s__BSEG	C1B8
		s__ISEG	C1B8
		s__XSEG	C1B8
		s__OVERLAY	C1B8
		.STACK	E000
		.refresh_OAM	FF80
		l__SFR	10000
AREA _CODE
	RADIX HEX
	BASE 0200
	SIZE 5C9F
	ATTRIB REL CON
	GLOBALS
		.set_mode	0200
		.remove_VBL	0210
		.remove_LCD	0216
		.remove_TIM	021C
		.remove_SIO	0222
		.remove_JOY	0228
		.add_VBL	022E
		.add_LCD	0234
		.add_TIM	023A
		.add_SIO	0240
		.add_JOY	0246
		.remove_int	024C
		.add_int	026C
		.wait_vbl_done	0288
		_wait_vbl_done	0288
		_display_off	0299
		.display_off	0299
		.serial_IO	02BA
		_mode	02E9
		_get_mode	02F2
		_enable_interrupts	02F7
		_disable_interrupts	02F9
		_reset	02FB
		.reset	02FB
		_set_interrupts	0301
		_remove_VBL	030C
		_remove_LCD	0317
		_remove_TIM	0322
		_remove_SIO	032D
		_remove_JOY	0338
		_add_VBL	0343
		_add_LCD	034E
		_add_TIM	0359
		_add_SIO	0364
		_add_JOY	036F
		_clock	037A
		__printTStates	0383
		_sound_jump	0384
		_drawjudgeShockWave	03A7
		_checkBanditScore	0407
		_checkCollideShockAttack	0443
		_moveShockWave	0513
		_drawJudgeAttack1	0541
		_drawJudgeAttack2	0785
		_drawJudgeIDLE	09CF
		_drawJudgeWalk1	0C06
		_drawJudgeWalk2	0E3D
		_drawJudgeHurt	105B
		_drawBanditIdle	1293
		_drawBanditWalk1	1346
		_drawBanditWalk2	13F9
		_drawBanditAttack1	14AC
		_drawBanditAttack2	155F
		_drawBanditDead	1612
		_BanditWalk	16C5
		_BanditAttack	1790
		_BanditDie	1858
		_JudgeDoHurt	1908
		_JudgeWalk	1948
		_JudgeGroundAttack	19A9
		_JudgeSendSentence	19F8
		_initBandits	19FE
		_generateBanditsST	1ADD
		_generateBandits	1D1C
		_moveBandits	1F56
		_checkColliderHammerAttack	2176
		_checkCollideBorder	2231
		_moveJudge	227A
		_scrollCity	23AE
		_drawScoreBandit	244C
		_drawScoreVillager	24B8
		_calculateScoreVillager	2501
		_drawShock	2557
		_drawPv	259D
		_EcranStart	26FA
		_showScore	2785
		_showGameOver	2808
		_clearBkgAndWin	287E
		_initGame	2943
		_main	2991
		_logoTiles	2BC8
		_logoWin	2CB8
		_BenMetTiles	2CCD
		_BenMetLogo	2DAD
		_GameOver	2DD1
		_ScoreScreen	2DD6
		_TitleScreen	2F66
		_JUDGEIDLE	30E2
		_JUDGEWALK1	31E2
		_JUDGEWALK2	32E2
		_CityMap	33E2
		_Shock	35E2
		_JUDGEATTACK1	35F2
		_JUDGEATTACK2	36F2
		_JUDGEHURT	37F2
		_decors_data	38F2
		_banditIDLE	3F72
		_banditWalk1	3FB2
		_banditWalk2	3FF2
		_banditDead	4032
		_banditAttack1	4072
		_banditAttack2	40B2
		_emptyHeart	40F2
		_heart	4102
		_hurtIcon	4112
		_jumpIcon	4152
		_number	4192
		_attackIcon	4232
		_classicIcon	4272
		_banditScore	42B2
		_HUD_MAP	42C2
		_clear	42EA
		_heartFill	430A
		_heartEmpty	430B
		_simpleLook	430C
		_hurtLook	430D
		_attackLook	430E
		_jumpLook	430F
		_shockIcon	4310
		_emptyIcon	4311
		_zero	4312
		_one	4313
		_two	4314
		_three	4315
		_four	4316
		_five	4317
		_six	4318
		_seven	4319
		_eight	431A
		_nine	431B
		_set_bkg_palette	431C
		_set_sprite_palette	4347
		_set_bkg_palette_entry	4372
		_set_sprite_palette_entry	439A
		_cpu_slow	43C2
		_cpu_fast	43DD
		_cgb_compatibility	43E4
		.set_sprite_prop	442D
		_set_sprite_prop	443A
		_scroll_bkg	4445
		_move_win	445B
		_rand	4464
		_randw	4464
		_initrand	448F
		.initrand	4491
		.gmode	449A
		.vbl	44FC
		.lcd	4507
		.draw_image	4514
		.switch_data	451E
		.adv_gcurs	4555
		.circle	4572
		.horlin	4615
		.verlin	464D
		.circplot	46A9
		.box	4727
		.line	47FD
		.xonly	491E
		.yonly	4A6D
		.plot	4A8E
		.wrbyte	4AAB
		.getpix	4B2D
		.wrtchr	4B62
		_gotogxy	4BC6
		_wrtchr	4BD1
		_getpix	4BE6
		_color	4BF2
		_circle	4C01
		_box	4C1B
		_line	4C3F
		_plot_point	4C57
		_plot	4C6B
		_switch_data	4C87
		_draw_image	4CA2
		font_copy_uncompressed	4CB5
		font_copy_compressed	4CEB
		font_load	4D40
		font_copy_current	4D88
		font_set	4DD0
		.put_char	4DDD
		.out_char	4DF6
		.del_char	4DFD
		_putchar	4E57
		_setchar	4E5E
		_font_load	4E67
		_font_set	4E75
		_font_init	4E84
		_print_repeat	4EA6
		_gotoxy	4EBD
		_cls	4EC8
		.cls	4EC8
		_posx	4EE3
		_posy	4EF4
		.cr_curs	4F1C
		.adv_curs	4F31
		.tmode	4F8D
		.tmode_out	4FB6
		.padup	4FC6
		_waitpadup	4FC6
		.jpad	4FD6
		.wait_pad	5003
		_joypad	500A
		_waitpad	500F
		.mv_sprite	5019
		_move_sprite	5028
		_get_win_tiles	5035
		_gprintln	5049
		_get_win_data	50D7
		_get_bkg_data	50D7
		_get_sprite_data	5124
		__divschar	5154
		__modschar	5160
		__divsint	516B
		__modsint	517C
		__divuchar	518B
		__moduchar	5197
		__divuint	51A2
		__moduint	51B3
		.mod8	51C2
		.div8	51C2
		.mod16	51CA
		.div16	51CA
		.modu8	5200
		.divu8	5200
		.modu16	5203
		.divu16	5203
		_set_win_data	5240
		_set_bkg_data	5240
		_set_sprite_data	528D
		.tmode_inout	52BC
		_getchar	5572
		_gets	5583
		_send_byte	559A
		_receive_byte	55AD
		.copy_vram	55BE
		_get_data	55CD
		_set_data	55CD
		_set_win_tiles	55E0
		_gprintf	55F4
		_arand	5767
		_initarand	5793
		_scroll_win	57C0
		.get_xy_wtt	57D6
		.get_xy_btt	57E8
		.get_xy_tt	57F7
		_get_tiles	5828
		__mulschar	5841
		__muluchar	5841
		__mulsint	584D
		__muluint	584D
		.mulu16	5861
		.mul16	5861
		_gprintn	5877
		.get_sprite_tile	58F1
		_get_sprite_tile	58FE
		.scroll_sprite	5918
		_scroll_sprite	5929
		_printf	5B74
		_sprintf	5BE1
		_move_bkg	5C39
		_puts	5C42
		.set_xy_wtt	5C78
		.set_xy_btt	5C89
		.set_xy_tt	5C98
		_set_tiles	5CC9
		.set_sprite_tile	5CE2
		_set_sprite_tile	5CEF
		.delay	5CFA
		_delay	5D34
		_get_bkg_tiles	5D3D
		_gprint	5D51
		.get_sprite_prop	5D7E
		_get_sprite_prop	5D8B
		.init_vram	5D94
		.init_wtt	5DA2
		.init_btt	5DB2
		.init_tt	5DC0
		.sgb_check	5DC6
		_sgb_check	5DC6
		.sgb_transfer	5E13
		.hiramcpy	5E74
		_hiramcpy	5E7B
		_set_bkg_tiles	5E8B
AREA _HEADER
	RADIX HEX
	BASE 0000
	SIZE 01EF
	ATTRIB ABS OVR
	GLOBALS
		_exit	01D1
AREA _HOME
	RADIX HEX
	BASE 5E9F
	SIZE 0000
	ATTRIB REL CON
AREA _LIT
	RADIX HEX
	BASE 5E9F
	SIZE 0B5A
	ATTRIB REL CON
	GLOBALS
		.y_table	5E9F
		_font_ibm_fixed	60F7
		_font_ibm_fixed_tiles	61F9
AREA _GSINIT
	RADIX HEX
	BASE 69F9
	SIZE 00D3
	ATTRIB REL CON
	GLOBALS
		gsinit	69F9
AREA _GSINITTAIL
	RADIX HEX
	BASE 6ACC
	SIZE 0001
	ATTRIB REL CON
AREA _GSFINAL
	RADIX HEX
	BASE 6ACD
	SIZE 0000
	ATTRIB REL CON
AREA _DATA
	RADIX HEX
	BASE C0A0
	SIZE 0050
	ATTRIB REL CON
	GLOBALS
		_MAX_TIMER	C0A0
		_MAX_TIMER_BANDIT	C0A1
		_bandits	C0A2
		_pickComportement	C0CC
		_nbBanditToDraw	C0CD
		_posXJudge	C0CE
		_posYJudge	C0CF
		_posXShock	C0D0
		_posYShock	C0D1
		_shockSend	C0D2
		_JudgeSpeed	C0D3
		_JudgePV	C0D4
		_TimerAnimationWalk	C0D5
		_TimerAnimationJump	C0D6
		_TimerAnimationAttack	C0D7
		_TimerAnimationHurt	C0D8
		_TimerScrollBKG	C0D9
		_isWalking	C0DA
		_isAttacking	C0DB
		_isHurt	C0DC
		_i	C0DD
		_j	C0DE
		_borderRight	C0DF
		_borderLeft	C0E0
		_borderTop	C0E1
		_borderBottom	C0E2
		_hammerPos	C0E3
		_score_bandit_digitUn	C0E4
		_score_bandit_digitDeux	C0E5
		_score_bandit_digitTrois	C0E6
		_score_bandit	C0E7
		_score_villager	C0E8
		_score_villager_digitUn	C0E9
		_score_villager_digitDeux	C0EA
		_gameIsLaunch	C0EB
		_isGameOver	C0EC
		_bestScore	C0ED
		_digits	C0EE
AREA _BSS
	RADIX HEX
	BASE C0F0
	SIZE 00C8
	ATTRIB REL CON
	GLOBALS
		__cpu	C0F0
		.mode	C0F1
		__io_out	C0F2
		__io_in	C0F3
		__io_status	C0F4
		.vbl_done	C0F5
		_sys_time	C0F6
		.sys_time	C0F6
		.int_0x40	C0F8
		.int_0x48	C108
		.int_0x50	C118
		.int_0x58	C128
		.int_0x60	C138
		.randhi	C148
		.randlo	C149
		.fg_colour	C14A
		.bg_colour	C14B
		font_current	C15D
		font_first_free_tile	C160
		font_table	C161
		.curx	C173
		.cury	C174
AREA _HEAP
	RADIX HEX
	BASE C1B8
	SIZE 0000
	ATTRIB REL CON
	GLOBALS
		_malloc_heap_start	C1B8
AREA _OVERLAY
	RADIX HEX
	BASE C1B8
	SIZE 0000
	ATTRIB REL CON
AREA _ISEG
	RADIX HEX
	BASE C1B8
	SIZE 0000
	ATTRIB REL CON
AREA _BSEG
	RADIX HEX
	BASE C1B8
	SIZE 0000
	ATTRIB REL CON
AREA _XSEG
	RADIX HEX
	BASE C1B8
	SIZE 0000
	ATTRIB REL CON
AREA _SFR
	RADIX HEX
	BASE 0000
	SIZE 10000
	ATTRIB ABS OVR
	GLOBALS
		_P1_REG	FF00
		_SB_REG	FF01
		_SC_REG	FF02
		_DIV_REG	FF04
		_TIMA_REG	FF05
		_TMA_REG	FF06
		_TAC_REG	FF07
		_IF_REG	FF0F
		_NR10_REG	FF10
		_NR11_REG	FF11
		_NR12_REG	FF12
		_NR13_REG	FF13
		_NR14_REG	FF14
		_NR21_REG	FF16
		_NR22_REG	FF17
		_NR23_REG	FF18
		_NR24_REG	FF19
		_NR30_REG	FF1A
		_NR31_REG	FF1B
		_NR32_REG	FF1C
		_NR33_REG	FF1D
		_NR34_REG	FF1E
		_NR41_REG	FF20
		_NR42_REG	FF21
		_NR43_REG	FF22
		_NR44_REG	FF23
		_NR50_REG	FF24
		_NR51_REG	FF25
		_NR52_REG	FF26
		_LCDC_REG	FF40
		_STAT_REG	FF41
		_SCY_REG	FF42
		_SCX_REG	FF43
		_LY_REG	FF44
		_LYC_REG	FF45
		_DMA_REG	FF46
		_BGP_REG	FF47
		_OBP0_REG	FF48
		_OBP1_REG	FF49
		_WY_REG	FF4A
		_WX_REG	FF4B
		_KEY1_REG	FF4D
		_VBK_REG	FF4F
		_HDMA1_REG	FF51
		_HDMA2_REG	FF52
		_HDMA3_REG	FF53
		_HDMA4_REG	FF54
		_HDMA5_REG	FF55
		_RP_REG	FF56
		_BCPS_REG	FF68
		_BCPD_REG	FF69
		_OCPS_REG	FF6A
		_OCPD_REG	FF6B
		_SVBK_REG	FF70
		_IE_REG	FFFF
MODULES
	FILE F:\gbdk\lib/gb/crt0.o
		NAME Runtime
	FILE game.o
		NAME lcc58520
LIBRARIES
	LIBRARY F:\gbdk\lib/gb/gb.lib
		MODULE cgb.o
	LIBRARY F:\gbdk\lib/gb/gb.lib
		MODULE sfr.o
	LIBRARY F:\gbdk\lib/gb/gb.lib
		MODULE set_prop.o
	LIBRARY F:\gbdk\lib/gb/gb.lib
		MODULE scroll_b.o
	LIBRARY F:\gbdk\lib/gb/gb.lib
		MODULE mv_win.o
	LIBRARY F:\gbdk\lib/gb/gb.lib
		MODULE rand.o
	LIBRARY F:\gbdk\lib/gb/gb.lib
		MODULE drawing.o
	LIBRARY F:\gbdk\lib/gb/gb.lib
		MODULE font.o
	LIBRARY F:\gbdk\lib/gb/gb.lib
		MODULE pad.o
	LIBRARY F:\gbdk\lib/gb/gb.lib
		MODULE mv_spr.o
	LIBRARY F:\gbdk\lib/gb/gb.lib
		MODULE get_wi_t.o
	LIBRARY F:\gbdk\lib/gb/gb.lib
		MODULE gprintln.o
	LIBRARY F:\gbdk\lib/gb/gb.lib
		MODULE get_data.o
	LIBRARY F:\gbdk\lib/gbz80/gbz80.lib
		MODULE div.o
	LIBRARY F:\gbdk\lib/gb/gb.lib
		MODULE set_data.o
	LIBRARY F:\gbdk\lib/gb/gb.lib
		MODULE input.o
	LIBRARY F:\gbdk\lib/gb/gb.lib
		MODULE serial.o
	LIBRARY F:\gbdk\lib/gb/gb.lib
		MODULE cpy_data.o
	LIBRARY F:\gbdk\lib/gb/gb.lib
		MODULE set_wi_t.o
	LIBRARY F:\gbdk\lib/gb/gb.lib
		MODULE gprintf.o
	LIBRARY F:\gbdk\lib/gb/gb.lib
		MODULE arand.o
	LIBRARY F:\gbdk\lib/gb/gb.lib
		MODULE scroll_w.o
	LIBRARY F:\gbdk\lib/gb/gb.lib
		MODULE ibmfixed.o
	LIBRARY F:\gbdk\lib/gb/gb.lib
		MODULE get_xy_t.o
	LIBRARY F:\gbdk\lib/gbz80/gbz80.lib
		MODULE mul.o
	LIBRARY F:\gbdk\lib/gb/gb.lib
		MODULE gprintn.o
	LIBRARY F:\gbdk\lib/gb/gb.lib
		MODULE get_spr.o
	LIBRARY F:\gbdk\lib/gb/gb.lib
		MODULE digits.o
	LIBRARY F:\gbdk\lib/gb/gb.lib
		MODULE scroll_s.o
	LIBRARY F:\gbdk\lib/gbz80/gbz80.lib
		MODULE printf.o
	LIBRARY F:\gbdk\lib/gb/gb.lib
		MODULE mv_bkg.o
	LIBRARY F:\gbdk\lib/gbz80/gbz80.lib
		MODULE puts.o
	LIBRARY F:\gbdk\lib/gb/gb.lib
		MODULE set_xy_t.o
	LIBRARY F:\gbdk\lib/gb/gb.lib
		MODULE set_spr.o
	LIBRARY F:\gbdk\lib/gb/gb.lib
		MODULE delay.o
	LIBRARY F:\gbdk\lib/gb/gb.lib
		MODULE get_bk_t.o
	LIBRARY F:\gbdk\lib/gb/gb.lib
		MODULE gprint.o
	LIBRARY F:\gbdk\lib/gb/gb.lib
		MODULE get_prop.o
	LIBRARY F:\gbdk\lib/gb/gb.lib
		MODULE init_tt.o
	LIBRARY F:\gbdk\lib/gb/gb.lib
		MODULE sgb.o
	LIBRARY F:\gbdk\lib/gb/gb.lib
		MODULE hiramcpy.o
	LIBRARY F:\gbdk\lib/gb/gb.lib
		MODULE set_bk_t.o
USERBASEDEF
	_CODE=0x0200
	_DATA=0xC0A0
	_CODE_1=0x4000
USERGLOBALDEF
	.OAM=0xC000
	.STACK=0xE000
	.refresh_OAM=0xFF80
	.init=0x0000
